// Jest Snapshot v1, https://goo.gl/fbAQLP

exports[`sum test should return 5 when a = 2, b = 3 1`] = `5`;
